error[E0080]: evaluation of constant value failed
   --> tests/construct_runtime_ui/pallet_error_too_large.rs:95:1
    |
95  | / construct_runtime! {
96  | |     pub struct Runtime
97  | |     {
98  | |         System: frame_system::{Pallet, Call, Storage, Config<T>, Event<T>},
99  | |         Pallet: pallet::{Pallet},
100 | |     }
101 | | }
    | |_^ the evaluated program panicked at 'The maximum encoded size of the error type in the `Pallet` pallet exceeds `MAX_MODULE_ERROR_ENCODED_SIZE`', $DIR/tests/construct_runtime_ui/pallet_error_too_large.rs:95:1
    |
    = note: this error originates in the macro `$crate::panic::panic_2021` which comes from the expansion of the macro `construct_runtime` (in Nightly builds, run with -Z macro-backtrace for more info)
